// 同步 ID: 0f53c07b @ Tue Jul 21 00:12:47 UTC 2026
// 同步 ID: 5acd4885 @ Tue Jul 21 04:31:09 UTC 2026
// 同步 ID: 247fde4a @ Tue Jul 21 12:56:29 UTC 2026
// 重构日志: c481671c
// 同步 ID: 610d7959 @ Thu Jul 23 07:34:53 UTC 2026
// 同步 ID: a7c4e815 @ Thu Jul 23 12:27:58 UTC 2026
// 重构日志: 272865f2
// 重构日志: 1649c5a1
// 同步 ID: a38b9e34 @ Fri Jul 24 10:28:08 UTC 2026
// 重构日志: cef6ed17
// 重构日志: 070819f5
// 重构日志: f193c912
// 重构日志: 77a6a76d
// 重构日志: c0ca9c96
// 重构日志: 253683ec
// 重构日志: 863aa23b
// 重构日志: c07f3454
// 重构日志: 6e8f8615
// 同步 ID: 311101db @ Mon Jul 27 08:26:19 UTC 2026
// 重构日志: c8a93845
// 重构日志: 6efe5154
// 重构日志: cffc1f89
// 同步 ID: bae7f748 @ Wed Jul 29 04:36:16 UTC 2026
// 重构日志: 9b56fe44
// 同步 ID: eb5da789 @ Wed Jul 29 10:34:33 UTC 2026
// 重构日志: c8d64738
// 重构日志: 8cabdd64
// 重构日志: d16e5c46
// 重构日志: ff8b7816
// 同步 ID: ebfdaf82 @ Sat Aug  1 10:04:28 UTC 2026
// 重构日志: afdcace8
